Archive member included because of file (symbol)

/usr/lib/gcc/avr/4.5.3/avr5/libgcc.a(_udivmodhi4.o)
                              main.o (__udivmodhi4)
/usr/lib/gcc/avr/4.5.3/avr5/libgcc.a(_divmodhi4.o)
                              lcd_lib.o (__divmodhi4)
/usr/lib/gcc/avr/4.5.3/avr5/libgcc.a(_exit.o)
                              /usr/lib/gcc/avr/4.5.3/../../../avr/lib/avr5/crtm32.o (exit)
/usr/lib/gcc/avr/4.5.3/avr5/libgcc.a(_copy_data.o)
                              main.o (__do_copy_data)
/usr/lib/gcc/avr/4.5.3/avr5/libgcc.a(_clear_bss.o)
                              main.o (__do_clear_bss)
/usr/lib/gcc/avr/4.5.3/../../../avr/lib/avr5/libc.a(snprintf.o)
                              main.o (snprintf)
/usr/lib/gcc/avr/4.5.3/../../../avr/lib/avr5/libc.a(vfprintf_std.o)
                              /usr/lib/gcc/avr/4.5.3/../../../avr/lib/avr5/libc.a(snprintf.o) (vfprintf)
/usr/lib/gcc/avr/4.5.3/../../../avr/lib/avr5/libc.a(eerd_byte_atmega32.o)
                              main.o (__eerd_byte_m32)
/usr/lib/gcc/avr/4.5.3/../../../avr/lib/avr5/libc.a(eeupd_byte_atmega32.o)
                              main.o (__eeupd_byte_m32)
/usr/lib/gcc/avr/4.5.3/../../../avr/lib/avr5/libc.a(eewr_byte_atmega32.o)
                              main.o (__eewr_byte_m32)
/usr/lib/gcc/avr/4.5.3/../../../avr/lib/avr5/libc.a(strnlen_P.o)
                              /usr/lib/gcc/avr/4.5.3/../../../avr/lib/avr5/libc.a(vfprintf_std.o) (strnlen_P)
/usr/lib/gcc/avr/4.5.3/../../../avr/lib/avr5/libc.a(strnlen.o)
                              /usr/lib/gcc/avr/4.5.3/../../../avr/lib/avr5/libc.a(vfprintf_std.o) (strnlen)
/usr/lib/gcc/avr/4.5.3/../../../avr/lib/avr5/libc.a(fputc.o)
                              /usr/lib/gcc/avr/4.5.3/../../../avr/lib/avr5/libc.a(vfprintf_std.o) (fputc)
/usr/lib/gcc/avr/4.5.3/../../../avr/lib/avr5/libc.a(ultoa_invert.o)
                              /usr/lib/gcc/avr/4.5.3/../../../avr/lib/avr5/libc.a(vfprintf_std.o) (__ultoa_invert)
/usr/lib/gcc/avr/4.5.3/avr5/libgcc.a(_prologue.o)
                              /usr/lib/gcc/avr/4.5.3/../../../avr/lib/avr5/libc.a(snprintf.o) (__prologue_saves__)
/usr/lib/gcc/avr/4.5.3/avr5/libgcc.a(_epilogue.o)
                              /usr/lib/gcc/avr/4.5.3/../../../avr/lib/avr5/libc.a(snprintf.o) (__epilogue_restores__)

Allocating common symbols
Common symbol       size              file

gCaseN              0x1               main.o
gDriveSpeed         0x1               main.o
gDriveLastError     0x1               main.o
gState              0x2               main.o
gDriveDir           0x1               main.o
gCaseH              0x32              main.o
gDriveSpeedLeft     0x2               main.o
gScrollMax          0x1               main.o
gDriveLimit         0x1               main.o
gDriveKP            0x2               main.o
gSensL              0x1               main.o
gScrollNum          0x1               main.o
gSensH              0x1               main.o
gDriveKD            0x2               main.o
gDriveSpeedRight    0x2               main.o
gSensAnalog         0x26              main.o
gCaseV              0x32              main.o
gCaseL              0x32              main.o
gDriveError         0x1               main.o
gSensRef            0x26              main.o
gSensA              0x1               main.o

Memory Configuration

Name             Origin             Length             Attributes
text             0x0000000000000000 0x0000000000020000 xr
data             0x0000000000800060 0x000000000000ffa0 rw !x
eeprom           0x0000000000810000 0x0000000000010000 rw !x
fuse             0x0000000000820000 0x0000000000000400 rw !x
lock             0x0000000000830000 0x0000000000000400 rw !x
signature        0x0000000000840000 0x0000000000000400 rw !x
*default*        0x0000000000000000 0xffffffffffffffff

Linker script and memory map

LOAD /usr/lib/gcc/avr/4.5.3/../../../avr/lib/avr5/crtm32.o
LOAD main.o
LOAD lcd_lib.o
LOAD /usr/lib/gcc/avr/4.5.3/../../../avr/lib/avr5/libm.a
LOAD /usr/lib/gcc/avr/4.5.3/avr5/libgcc.a
LOAD /usr/lib/gcc/avr/4.5.3/../../../avr/lib/avr5/libc.a
LOAD /usr/lib/gcc/avr/4.5.3/avr5/libgcc.a

.hash
 *(.hash)

.dynsym
 *(.dynsym)

.dynstr
 *(.dynstr)

.gnu.version
 *(.gnu.version)

.gnu.version_d
 *(.gnu.version_d)

.gnu.version_r
 *(.gnu.version_r)

.rel.init
 *(.rel.init)

.rela.init
 *(.rela.init)

.rel.text
 *(.rel.text)
 *(.rel.text.*)
 *(.rel.gnu.linkonce.t*)

.rela.text
 *(.rela.text)
 *(.rela.text.*)
 *(.rela.gnu.linkonce.t*)

.rel.fini
 *(.rel.fini)

.rela.fini
 *(.rela.fini)

.rel.rodata
 *(.rel.rodata)
 *(.rel.rodata.*)
 *(.rel.gnu.linkonce.r*)

.rela.rodata
 *(.rela.rodata)
 *(.rela.rodata.*)
 *(.rela.gnu.linkonce.r*)

.rel.data
 *(.rel.data)
 *(.rel.data.*)
 *(.rel.gnu.linkonce.d*)

.rela.data
 *(.rela.data)
 *(.rela.data.*)
 *(.rela.gnu.linkonce.d*)

.rel.ctors
 *(.rel.ctors)

.rela.ctors
 *(.rela.ctors)

.rel.dtors
 *(.rel.dtors)

.rela.dtors
 *(.rela.dtors)

.rel.got
 *(.rel.got)

.rela.got
 *(.rela.got)

.rel.bss
 *(.rel.bss)

.rela.bss
 *(.rela.bss)

.rel.plt
 *(.rel.plt)

.rela.plt
 *(.rela.plt)

.text           0x0000000000000000     0x37ae
 *(.vectors)
 .vectors       0x0000000000000000       0x54 /usr/lib/gcc/avr/4.5.3/../../../avr/lib/avr5/crtm32.o
                0x0000000000000000                __vectors
                0x0000000000000000                __vector_default
 *(.vectors)
 *(.progmem.gcc*)
 *(.progmem*)
 .progmem.data  0x0000000000000054       0x40 lcd_lib.o
                0x0000000000000054                LcdCustomChar
                0x0000000000000094                . = ALIGN (0x2)
                0x0000000000000094                __trampolines_start = .
 *(.trampolines)
 .trampolines   0x0000000000000094        0x0 linker stubs
 *(.trampolines*)
                0x0000000000000094                __trampolines_end = .
 *(.jumptables)
 *(.jumptables*)
 *(.lowtext)
 *(.lowtext*)
                0x0000000000000094                __ctors_start = .
 *(.ctors)
                0x0000000000000094                __ctors_end = .
                0x0000000000000094                __dtors_start = .
 *(.dtors)
                0x0000000000000094                __dtors_end = .
 SORT(*)(.ctors)
 SORT(*)(.dtors)
 *(.init0)
 .init0         0x0000000000000094        0x0 /usr/lib/gcc/avr/4.5.3/../../../avr/lib/avr5/crtm32.o
                0x0000000000000094                __init
 *(.init0)
 *(.init1)
 *(.init1)
 *(.init2)
 .init2         0x0000000000000094        0xc /usr/lib/gcc/avr/4.5.3/../../../avr/lib/avr5/crtm32.o
 *(.init2)
 *(.init3)
 *(.init3)
 *(.init4)
 .init4         0x00000000000000a0       0x16 /usr/lib/gcc/avr/4.5.3/avr5/libgcc.a(_copy_data.o)
                0x00000000000000a0                __do_copy_data
 .init4         0x00000000000000b6       0x10 /usr/lib/gcc/avr/4.5.3/avr5/libgcc.a(_clear_bss.o)
                0x00000000000000b6                __do_clear_bss
 *(.init4)
 *(.init5)
 *(.init5)
 *(.init6)
 *(.init6)
 *(.init7)
 *(.init7)
 *(.init8)
 *(.init8)
 *(.init9)
 .init9         0x00000000000000c6        0x8 /usr/lib/gcc/avr/4.5.3/../../../avr/lib/avr5/crtm32.o
 *(.init9)
 *(.text)
 .text          0x00000000000000ce        0x4 /usr/lib/gcc/avr/4.5.3/../../../avr/lib/avr5/crtm32.o
                0x00000000000000ce                __vector_1
                0x00000000000000ce                __vector_12
                0x00000000000000ce                __bad_interrupt
                0x00000000000000ce                __vector_6
                0x00000000000000ce                __vector_3
                0x00000000000000ce                __vector_11
                0x00000000000000ce                __vector_13
                0x00000000000000ce                __vector_17
                0x00000000000000ce                __vector_19
                0x00000000000000ce                __vector_7
                0x00000000000000ce                __vector_5
                0x00000000000000ce                __vector_4
                0x00000000000000ce                __vector_9
                0x00000000000000ce                __vector_2
                0x00000000000000ce                __vector_15
                0x00000000000000ce                __vector_8
                0x00000000000000ce                __vector_14
                0x00000000000000ce                __vector_10
                0x00000000000000ce                __vector_16
                0x00000000000000ce                __vector_18
                0x00000000000000ce                __vector_20
 .text          0x00000000000000d2     0x2cae main.o
                0x00000000000000d2                isset
                0x00000000000000f6                isclear
                0x000000000000011e                initpwm
                0x0000000000000128                initadc
                0x0000000000000134                adc_baca
                0x0000000000000152                cetak_bil
                0x000000000000022c                cetak_bil_lgsg
                0x00000000000002ea                lcdhapus
                0x0000000000000310                Button0
                0x000000000000031a                Button1
                0x0000000000000324                Button2
                0x000000000000032e                Button3
                0x0000000000000338                ButtonEnter
                0x0000000000000342                ButtonBack
                0x000000000000034c                ButtonNext
                0x0000000000000356                ButtonPrev
                0x0000000000000360                ButtonWait
                0x0000000000000392                ButtonIsPressed
                0x00000000000003d4                ButtonIsNotPressed
                0x000000000000041c                ButtonRead
                0x0000000000000466                SettingDebugPrintlog2
                0x0000000000000520                SettingDebugPrintlog
                0x00000000000005b8                SensorReadAnalog
                0x00000000000006f4                SensorReadDigital
                0x00000000000007de                SensorCalibrate
                0x0000000000000ab2                Calibrate
                0x0000000000000ab8                SensorRemap
                0x0000000000000aba                SaveCase
                0x0000000000000b18                LoadCase
                0x0000000000000b76                SetDefault
                0x0000000000000d6c                Init
                0x0000000000000e2e                SetMinim
                0x0000000000000f30                PIDGetError
                0x0000000000000f78                DirForward
                0x0000000000000f82                DirBackward
                0x0000000000000f8c                DirTurnLeft
                0x0000000000000f94                DirTurnRight
                0x0000000000000f9c                PIDCalculateExecuteCustom
                0x000000000000109a                PIDCalculateExecute
                0x000000000000119e                RunOnce
                0x00000000000012a4                RunC02ke03
                0x000000000000130e                RunC01ke02
                0x0000000000001378                RunProgram
                0x0000000000001400                RunWhileNormal
                0x0000000000001528                RunLearn
                0x0000000000001530                Run
                0x0000000000001638                RunTestCounter
                0x000000000000180a                RunC03ke04
                0x0000000000001980                RunC00ke01
                0x0000000000001b8c                RunEb01ke02
                0x0000000000001cae                RunEb00ke01
                0x0000000000001ec4                RunMapping
                0x0000000000001f30                DriveMove
                0x0000000000001f3e                ProgMapping
                0x00000000000020fc                MapWriteTurn
                0x0000000000002126                MapReadTurn
                0x0000000000002134                MapWriteCaseA
                0x0000000000002170                MapWriteUntilA
                0x00000000000021aa                MapReadCaseA
                0x00000000000021bc                MapReadUntilA
                0x00000000000021ce                MapWriteTCAUA
                0x00000000000021da                MapReadTCAUA
                0x00000000000021e6                GetCursor
                0x00000000000021f0                GetParent
                0x00000000000021fc                GetChild
                0x000000000000220c                ReStrainScroll
                0x000000000000222a                PrintScroll
                0x0000000000002274                Menu
                0x00000000000024f0                SettingMenu
                0x00000000000026cc                SettingErrorMenu
                0x00000000000026ce                SettingSetPIDSpeedMenu
                0x000000000000286c                SettingSetPIDSpeedSpeed
                0x00000000000028f8                SettingSetPIDSpeedKP
                0x0000000000002988                SettingSetPIDSpeedKD
                0x0000000000002a18                SettingDebugMenu
                0x0000000000002b5c                SettingDebugSensor
                0x0000000000002c2e                main
 .text          0x0000000000002d80      0x3b2 lcd_lib.o
                0x0000000000002daa                LCDsendChar
                0x0000000000002e02                LCDsendCommand
                0x0000000000002e52                LCDclr
                0x0000000000002e5a                LCDhome
                0x0000000000002e62                LCDstring
                0x0000000000002ea4                LCDGotoXY
                0x0000000000002ec2                CopyStringtoLCD
                0x0000000000002ef0                LCDdefinechar
                0x0000000000002f48                LCDinit
                0x000000000000300c                LCDshiftLeft
                0x0000000000003028                LCDshiftRight
                0x0000000000003044                LCDcursorOn
                0x000000000000304c                LCDcursorOnBlink
                0x0000000000003054                LCDcursorOFF
                0x000000000000305c                LCDblank
                0x0000000000003064                LCDvisible
                0x000000000000306c                LCDcursorLeft
                0x0000000000003088                LCDcursorRight
                0x00000000000030a4                LCDprogressBar
 .text          0x0000000000003132        0x0 /usr/lib/gcc/avr/4.5.3/avr5/libgcc.a(_udivmodhi4.o)
 .text          0x0000000000003132        0x0 /usr/lib/gcc/avr/4.5.3/avr5/libgcc.a(_divmodhi4.o)
 .text          0x0000000000003132        0x0 /usr/lib/gcc/avr/4.5.3/avr5/libgcc.a(_exit.o)
 .text          0x0000000000003132        0x0 /usr/lib/gcc/avr/4.5.3/avr5/libgcc.a(_copy_data.o)
 .text          0x0000000000003132        0x0 /usr/lib/gcc/avr/4.5.3/avr5/libgcc.a(_clear_bss.o)
 .text          0x0000000000003132        0x0 /usr/lib/gcc/avr/4.5.3/../../../avr/lib/avr5/libc.a(snprintf.o)
 .text          0x0000000000003132        0x0 /usr/lib/gcc/avr/4.5.3/../../../avr/lib/avr5/libc.a(vfprintf_std.o)
 .text          0x0000000000003132        0x0 /usr/lib/gcc/avr/4.5.3/../../../avr/lib/avr5/libc.a(eerd_byte_atmega32.o)
 .text          0x0000000000003132        0x0 /usr/lib/gcc/avr/4.5.3/../../../avr/lib/avr5/libc.a(eeupd_byte_atmega32.o)
 .text          0x0000000000003132        0x0 /usr/lib/gcc/avr/4.5.3/../../../avr/lib/avr5/libc.a(eewr_byte_atmega32.o)
 .text          0x0000000000003132        0x0 /usr/lib/gcc/avr/4.5.3/../../../avr/lib/avr5/libc.a(strnlen_P.o)
 .text          0x0000000000003132        0x0 /usr/lib/gcc/avr/4.5.3/../../../avr/lib/avr5/libc.a(strnlen.o)
 .text          0x0000000000003132        0x0 /usr/lib/gcc/avr/4.5.3/../../../avr/lib/avr5/libc.a(fputc.o)
 .text          0x0000000000003132        0x0 /usr/lib/gcc/avr/4.5.3/../../../avr/lib/avr5/libc.a(ultoa_invert.o)
 .text          0x0000000000003132        0x0 /usr/lib/gcc/avr/4.5.3/avr5/libgcc.a(_prologue.o)
 .text          0x0000000000003132        0x0 /usr/lib/gcc/avr/4.5.3/avr5/libgcc.a(_epilogue.o)
                0x0000000000003132                . = ALIGN (0x2)
 *(.text.*)
 .text.libgcc   0x0000000000003132       0x28 /usr/lib/gcc/avr/4.5.3/avr5/libgcc.a(_udivmodhi4.o)
                0x0000000000003132                __udivmodhi4
 .text.libgcc   0x000000000000315a       0x26 /usr/lib/gcc/avr/4.5.3/avr5/libgcc.a(_divmodhi4.o)
                0x000000000000315a                __divmodhi4
                0x000000000000315a                _div
 .text.libgcc   0x0000000000003180        0x0 /usr/lib/gcc/avr/4.5.3/avr5/libgcc.a(_exit.o)
 .text.libgcc   0x0000000000003180        0x0 /usr/lib/gcc/avr/4.5.3/avr5/libgcc.a(_copy_data.o)
 .text.libgcc   0x0000000000003180        0x0 /usr/lib/gcc/avr/4.5.3/avr5/libgcc.a(_clear_bss.o)
 .text.avr-libc
                0x0000000000003180       0x62 /usr/lib/gcc/avr/4.5.3/../../../avr/lib/avr5/libc.a(snprintf.o)
                0x0000000000003180                snprintf
 .text.avr-libc
                0x00000000000031e2      0x3ce /usr/lib/gcc/avr/4.5.3/../../../avr/lib/avr5/libc.a(vfprintf_std.o)
                0x00000000000031e2                vfprintf
 .text.avr-libc
                0x00000000000035b0       0x10 /usr/lib/gcc/avr/4.5.3/../../../avr/lib/avr5/libc.a(eerd_byte_atmega32.o)
                0x00000000000035b0                __eerd_byte_m32
 .text.avr-libc
                0x00000000000035c0       0x22 /usr/lib/gcc/avr/4.5.3/../../../avr/lib/avr5/libc.a(eeupd_byte_atmega32.o)
                0x00000000000035c0                __eeupd_byte_m32
                0x00000000000035c2                __eeupd_r18_m32
 .text.avr-libc
                0x00000000000035e2       0x1a /usr/lib/gcc/avr/4.5.3/../../../avr/lib/avr5/libc.a(eewr_byte_atmega32.o)
                0x00000000000035e2                __eewr_byte_m32
                0x00000000000035e4                __eewr_r18_m32
 .text.avr-libc
                0x00000000000035fc       0x16 /usr/lib/gcc/avr/4.5.3/../../../avr/lib/avr5/libc.a(strnlen_P.o)
                0x00000000000035fc                strnlen_P
 .text.avr-libc
                0x0000000000003612       0x16 /usr/lib/gcc/avr/4.5.3/../../../avr/lib/avr5/libc.a(strnlen.o)
                0x0000000000003612                strnlen
 .text.avr-libc
                0x0000000000003628       0x58 /usr/lib/gcc/avr/4.5.3/../../../avr/lib/avr5/libc.a(fputc.o)
                0x0000000000003628                fputc
 .text.avr-libc
                0x0000000000003680       0xbc /usr/lib/gcc/avr/4.5.3/../../../avr/lib/avr5/libc.a(ultoa_invert.o)
                0x0000000000003680                __ultoa_invert
 .text.libgcc   0x000000000000373c       0x38 /usr/lib/gcc/avr/4.5.3/avr5/libgcc.a(_prologue.o)
                0x000000000000373c                __prologue_saves__
 .text.libgcc   0x0000000000003774       0x36 /usr/lib/gcc/avr/4.5.3/avr5/libgcc.a(_epilogue.o)
                0x0000000000003774                __epilogue_restores__
                0x00000000000037aa                . = ALIGN (0x2)
 *(.fini9)
 .fini9         0x00000000000037aa        0x0 /usr/lib/gcc/avr/4.5.3/avr5/libgcc.a(_exit.o)
                0x00000000000037aa                exit
                0x00000000000037aa                _exit
 *(.fini9)
 *(.fini8)
 *(.fini8)
 *(.fini7)
 *(.fini7)
 *(.fini6)
 *(.fini6)
 *(.fini5)
 *(.fini5)
 *(.fini4)
 *(.fini4)
 *(.fini3)
 *(.fini3)
 *(.fini2)
 *(.fini2)
 *(.fini1)
 *(.fini1)
 *(.fini0)
 .fini0         0x00000000000037aa        0x4 /usr/lib/gcc/avr/4.5.3/avr5/libgcc.a(_exit.o)
 *(.fini0)
                0x00000000000037ae                _etext = .

.data           0x0000000000800060      0x22c load address 0x00000000000037ae
                0x0000000000800060                PROVIDE (__data_start, .)
 *(.data)
 .data          0x0000000000800060        0x0 /usr/lib/gcc/avr/4.5.3/../../../avr/lib/avr5/crtm32.o
 .data          0x0000000000800060      0x22b main.o
                0x0000000000800286                gMazeMapTot
                0x0000000000800287                countermax
 .data          0x000000000080028b        0x0 lcd_lib.o
 .data          0x000000000080028b        0x0 /usr/lib/gcc/avr/4.5.3/avr5/libgcc.a(_udivmodhi4.o)
 .data          0x000000000080028b        0x0 /usr/lib/gcc/avr/4.5.3/avr5/libgcc.a(_divmodhi4.o)
 .data          0x000000000080028b        0x0 /usr/lib/gcc/avr/4.5.3/avr5/libgcc.a(_exit.o)
 .data          0x000000000080028b        0x0 /usr/lib/gcc/avr/4.5.3/avr5/libgcc.a(_copy_data.o)
 .data          0x000000000080028b        0x0 /usr/lib/gcc/avr/4.5.3/avr5/libgcc.a(_clear_bss.o)
 .data          0x000000000080028b        0x0 /usr/lib/gcc/avr/4.5.3/../../../avr/lib/avr5/libc.a(snprintf.o)
 .data          0x000000000080028b        0x0 /usr/lib/gcc/avr/4.5.3/../../../avr/lib/avr5/libc.a(vfprintf_std.o)
 .data          0x000000000080028b        0x0 /usr/lib/gcc/avr/4.5.3/../../../avr/lib/avr5/libc.a(eerd_byte_atmega32.o)
 .data          0x000000000080028b        0x0 /usr/lib/gcc/avr/4.5.3/../../../avr/lib/avr5/libc.a(eeupd_byte_atmega32.o)
 .data          0x000000000080028b        0x0 /usr/lib/gcc/avr/4.5.3/../../../avr/lib/avr5/libc.a(eewr_byte_atmega32.o)
 .data          0x000000000080028b        0x0 /usr/lib/gcc/avr/4.5.3/../../../avr/lib/avr5/libc.a(strnlen_P.o)
 .data          0x000000000080028b        0x0 /usr/lib/gcc/avr/4.5.3/../../../avr/lib/avr5/libc.a(strnlen.o)
 .data          0x000000000080028b        0x0 /usr/lib/gcc/avr/4.5.3/../../../avr/lib/avr5/libc.a(fputc.o)
 .data          0x000000000080028b        0x0 /usr/lib/gcc/avr/4.5.3/../../../avr/lib/avr5/libc.a(ultoa_invert.o)
 .data          0x000000000080028b        0x0 /usr/lib/gcc/avr/4.5.3/avr5/libgcc.a(_prologue.o)
 .data          0x000000000080028b        0x0 /usr/lib/gcc/avr/4.5.3/avr5/libgcc.a(_epilogue.o)
 *(.data*)
 *(.rodata)
 *(.rodata*)
 *(.gnu.linkonce.d*)
                0x000000000080028c                . = ALIGN (0x2)
 *fill*         0x000000000080028b        0x1 00
                0x000000000080028c                _edata = .
                0x000000000080028c                PROVIDE (__data_end, .)

.bss            0x000000000080028c       0xfc
                0x000000000080028c                PROVIDE (__bss_start, .)
 *(.bss)
 .bss           0x000000000080028c        0x0 /usr/lib/gcc/avr/4.5.3/../../../avr/lib/avr5/crtm32.o
 .bss           0x000000000080028c        0x5 main.o
                0x000000000080028c                gMazeMapNum
                0x000000000080028d                counter
 .bss           0x0000000000800291        0x0 lcd_lib.o
 .bss           0x0000000000800291        0x0 /usr/lib/gcc/avr/4.5.3/avr5/libgcc.a(_udivmodhi4.o)
 .bss           0x0000000000800291        0x0 /usr/lib/gcc/avr/4.5.3/avr5/libgcc.a(_divmodhi4.o)
 .bss           0x0000000000800291        0x0 /usr/lib/gcc/avr/4.5.3/avr5/libgcc.a(_exit.o)
 .bss           0x0000000000800291        0x0 /usr/lib/gcc/avr/4.5.3/avr5/libgcc.a(_copy_data.o)
 .bss           0x0000000000800291        0x0 /usr/lib/gcc/avr/4.5.3/avr5/libgcc.a(_clear_bss.o)
 .bss           0x0000000000800291        0x0 /usr/lib/gcc/avr/4.5.3/../../../avr/lib/avr5/libc.a(snprintf.o)
 .bss           0x0000000000800291        0x0 /usr/lib/gcc/avr/4.5.3/../../../avr/lib/avr5/libc.a(vfprintf_std.o)
 .bss           0x0000000000800291        0x0 /usr/lib/gcc/avr/4.5.3/../../../avr/lib/avr5/libc.a(eerd_byte_atmega32.o)
 .bss           0x0000000000800291        0x0 /usr/lib/gcc/avr/4.5.3/../../../avr/lib/avr5/libc.a(eeupd_byte_atmega32.o)
 .bss           0x0000000000800291        0x0 /usr/lib/gcc/avr/4.5.3/../../../avr/lib/avr5/libc.a(eewr_byte_atmega32.o)
 .bss           0x0000000000800291        0x0 /usr/lib/gcc/avr/4.5.3/../../../avr/lib/avr5/libc.a(strnlen_P.o)
 .bss           0x0000000000800291        0x0 /usr/lib/gcc/avr/4.5.3/../../../avr/lib/avr5/libc.a(strnlen.o)
 .bss           0x0000000000800291        0x0 /usr/lib/gcc/avr/4.5.3/../../../avr/lib/avr5/libc.a(fputc.o)
 .bss           0x0000000000800291        0x0 /usr/lib/gcc/avr/4.5.3/../../../avr/lib/avr5/libc.a(ultoa_invert.o)
 .bss           0x0000000000800291        0x0 /usr/lib/gcc/avr/4.5.3/avr5/libgcc.a(_prologue.o)
 .bss           0x0000000000800291        0x0 /usr/lib/gcc/avr/4.5.3/avr5/libgcc.a(_epilogue.o)
 *(.bss*)
 *(COMMON)
 COMMON         0x0000000000800291       0xf7 main.o
                0x0000000000800291                gCaseN
                0x0000000000800292                gDriveSpeed
                0x0000000000800293                gDriveLastError
                0x0000000000800294                gState
                0x0000000000800296                gDriveDir
                0x0000000000800297                gCaseH
                0x00000000008002c9                gDriveSpeedLeft
                0x00000000008002cb                gScrollMax
                0x00000000008002cc                gDriveLimit
                0x00000000008002cd                gDriveKP
                0x00000000008002cf                gSensL
                0x00000000008002d0                gScrollNum
                0x00000000008002d1                gSensH
                0x00000000008002d2                gDriveKD
                0x00000000008002d4                gDriveSpeedRight
                0x00000000008002d6                gSensAnalog
                0x00000000008002fc                gCaseV
                0x000000000080032e                gCaseL
                0x0000000000800360                gDriveError
                0x0000000000800361                gSensRef
                0x0000000000800387                gSensA
                0x0000000000800388                PROVIDE (__bss_end, .)
                0x00000000000037ae                __data_load_start = LOADADDR (.data)
                0x00000000000039da                __data_load_end = (__data_load_start + SIZEOF (.data))

.noinit         0x0000000000800388        0x0
                0x0000000000800388                PROVIDE (__noinit_start, .)
 *(.noinit*)
                0x0000000000800388                PROVIDE (__noinit_end, .)
                0x0000000000800388                _end = .
                0x0000000000800388                PROVIDE (__heap_start, .)

.eeprom         0x0000000000810000        0x0
 *(.eeprom*)
                0x0000000000810000                __eeprom_end = .

.fuse
 *(.fuse)
 *(.lfuse)
 *(.hfuse)
 *(.efuse)

.lock
 *(.lock*)

.signature
 *(.signature*)

.stab           0x0000000000000000     0x1fd4
 *(.stab)
 .stab          0x0000000000000000      0x6cc /usr/lib/gcc/avr/4.5.3/../../../avr/lib/avr5/crtm32.o
 .stab          0x00000000000006cc      0x408 /usr/lib/gcc/avr/4.5.3/../../../avr/lib/avr5/libc.a(snprintf.o)
                                        0x414 (size before relaxing)
 .stab          0x0000000000000ad4      0xaf8 /usr/lib/gcc/avr/4.5.3/../../../avr/lib/avr5/libc.a(vfprintf_std.o)
                                        0xcd8 (size before relaxing)
 .stab          0x00000000000015cc       0x90 /usr/lib/gcc/avr/4.5.3/../../../avr/lib/avr5/libc.a(eerd_byte_atmega32.o)
                                         0x9c (size before relaxing)
 .stab          0x000000000000165c      0x108 /usr/lib/gcc/avr/4.5.3/../../../avr/lib/avr5/libc.a(eeupd_byte_atmega32.o)
                                        0x114 (size before relaxing)
 .stab          0x0000000000001764       0xd8 /usr/lib/gcc/avr/4.5.3/../../../avr/lib/avr5/libc.a(eewr_byte_atmega32.o)
                                         0xe4 (size before relaxing)
 .stab          0x000000000000183c       0x9c /usr/lib/gcc/avr/4.5.3/../../../avr/lib/avr5/libc.a(strnlen_P.o)
                                         0xa8 (size before relaxing)
 .stab          0x00000000000018d8       0x9c /usr/lib/gcc/avr/4.5.3/../../../avr/lib/avr5/libc.a(strnlen.o)
                                         0xa8 (size before relaxing)
 .stab          0x0000000000001974      0x1e0 /usr/lib/gcc/avr/4.5.3/../../../avr/lib/avr5/libc.a(fputc.o)
                                        0x3c0 (size before relaxing)
 .stab          0x0000000000001b54      0x480 /usr/lib/gcc/avr/4.5.3/../../../avr/lib/avr5/libc.a(ultoa_invert.o)
                                        0x48c (size before relaxing)

.stabstr        0x0000000000000000      0xd26
 *(.stabstr)
 .stabstr       0x0000000000000000      0xd26 /usr/lib/gcc/avr/4.5.3/../../../avr/lib/avr5/crtm32.o

.stab.excl
 *(.stab.excl)

.stab.exclstr
 *(.stab.exclstr)

.stab.index
 *(.stab.index)

.stab.indexstr
 *(.stab.indexstr)

.comment
 *(.comment)

.debug
 *(.debug)

.line
 *(.line)

.debug_srcinfo
 *(.debug_srcinfo)

.debug_sfnames
 *(.debug_sfnames)

.debug_aranges  0x0000000000000000       0x40
 *(.debug_aranges)
 .debug_aranges
                0x0000000000000000       0x20 main.o
 .debug_aranges
                0x0000000000000020       0x20 lcd_lib.o

.debug_pubnames
                0x0000000000000000      0x7c5
 *(.debug_pubnames)
 .debug_pubnames
                0x0000000000000000      0x66c main.o
 .debug_pubnames
                0x000000000000066c      0x159 lcd_lib.o

.debug_info     0x0000000000000000     0x2e3f
 *(.debug_info)
 .debug_info    0x0000000000000000     0x2515 main.o
 .debug_info    0x0000000000002515      0x92a lcd_lib.o
 *(.gnu.linkonce.wi.*)

.debug_abbrev   0x0000000000000000      0x570
 *(.debug_abbrev)
 .debug_abbrev  0x0000000000000000      0x37f main.o
 .debug_abbrev  0x000000000000037f      0x1f1 lcd_lib.o

.debug_line     0x0000000000000000     0x324d
 *(.debug_line)
 .debug_line    0x0000000000000000     0x2c2a main.o
 .debug_line    0x0000000000002c2a      0x623 lcd_lib.o

.debug_frame    0x0000000000000000      0x630
 *(.debug_frame)
 .debug_frame   0x0000000000000000      0x4e0 main.o
 .debug_frame   0x00000000000004e0      0x150 lcd_lib.o

.debug_str      0x0000000000000000      0x7d3
 *(.debug_str)
 .debug_str     0x0000000000000000      0x66f main.o
                                        0x6cf (size before relaxing)
 .debug_str     0x000000000000066f      0x164 lcd_lib.o
                                        0x285 (size before relaxing)

.debug_loc      0x0000000000000000     0x12fd
 *(.debug_loc)
 .debug_loc     0x0000000000000000      0xe6e main.o
 .debug_loc     0x0000000000000e6e      0x48f lcd_lib.o

.debug_macinfo
 *(.debug_macinfo)
OUTPUT(main.elf elf32-avr)
LOAD linker stubs

.debug_pubtypes
                0x0000000000000000       0x7b
 .debug_pubtypes
                0x0000000000000000       0x43 main.o
 .debug_pubtypes
                0x0000000000000043       0x38 lcd_lib.o

.debug_ranges   0x0000000000000000      0x258
 .debug_ranges  0x0000000000000000      0x258 main.o

Cross Reference Table

Symbol                                            File
Button0                                           main.o
Button1                                           main.o
Button2                                           main.o
Button3                                           main.o
ButtonBack                                        main.o
ButtonEnter                                       main.o
ButtonIsNotPressed                                main.o
ButtonIsPressed                                   main.o
ButtonNext                                        main.o
ButtonPrev                                        main.o
ButtonRead                                        main.o
ButtonWait                                        main.o
Calibrate                                         main.o
CopyStringtoLCD                                   lcd_lib.o
DirBackward                                       main.o
DirForward                                        main.o
DirTurnLeft                                       main.o
DirTurnRight                                      main.o
DriveMove                                         main.o
GetChild                                          main.o
GetCursor                                         main.o
GetParent                                         main.o
Init                                              main.o
LCDGotoXY                                         lcd_lib.o
                                                  main.o
LCDblank                                          lcd_lib.o
LCDclr                                            lcd_lib.o
                                                  main.o
LCDcursorLeft                                     lcd_lib.o
LCDcursorOFF                                      lcd_lib.o
LCDcursorOn                                       lcd_lib.o
LCDcursorOnBlink                                  lcd_lib.o
LCDcursorRight                                    lcd_lib.o
LCDdefinechar                                     lcd_lib.o
LCDhome                                           lcd_lib.o
LCDinit                                           lcd_lib.o
                                                  main.o
LCDprogressBar                                    lcd_lib.o
LCDsendChar                                       lcd_lib.o
LCDsendCommand                                    lcd_lib.o
LCDshiftLeft                                      lcd_lib.o
LCDshiftRight                                     lcd_lib.o
LCDstring                                         lcd_lib.o
                                                  main.o
LCDvisible                                        lcd_lib.o
LcdCustomChar                                     lcd_lib.o
LoadCase                                          main.o
MapReadCaseA                                      main.o
MapReadTCAUA                                      main.o
MapReadTurn                                       main.o
MapReadUntilA                                     main.o
MapWriteCaseA                                     main.o
MapWriteTCAUA                                     main.o
MapWriteTurn                                      main.o
MapWriteUntilA                                    main.o
Menu                                              main.o
PIDCalculateExecute                               main.o
PIDCalculateExecuteCustom                         main.o
PIDGetError                                       main.o
PrintScroll                                       main.o
ProgMapping                                       main.o
ReStrainScroll                                    main.o
Run                                               main.o
RunC00ke01                                        main.o
RunC01ke02                                        main.o
RunC02ke03                                        main.o
RunC03ke04                                        main.o
RunEb00ke01                                       main.o
RunEb01ke02                                       main.o
RunLearn                                          main.o
RunMapping                                        main.o
RunOnce                                           main.o
RunProgram                                        main.o
RunTestCounter                                    main.o
RunWhileNormal                                    main.o
SaveCase                                          main.o
SensorCalibrate                                   main.o
SensorReadAnalog                                  main.o
SensorReadDigital                                 main.o
SensorRemap                                       main.o
SetDefault                                        main.o
SetMinim                                          main.o
SettingDebugMenu                                  main.o
SettingDebugPrintlog                              main.o
SettingDebugPrintlog2                             main.o
SettingDebugSensor                                main.o
SettingErrorMenu                                  main.o
SettingMenu                                       main.o
SettingSetPIDSpeedKD                              main.o
SettingSetPIDSpeedKP                              main.o
SettingSetPIDSpeedMenu                            main.o
SettingSetPIDSpeedSpeed                           main.o
__bad_interrupt                                   /usr/lib/gcc/avr/4.5.3/../../../avr/lib/avr5/crtm32.o
__bss_end                                         /usr/lib/gcc/avr/4.5.3/avr5/libgcc.a(_clear_bss.o)
__bss_start                                       /usr/lib/gcc/avr/4.5.3/avr5/libgcc.a(_clear_bss.o)
__data_end                                        /usr/lib/gcc/avr/4.5.3/avr5/libgcc.a(_copy_data.o)
__data_load_start                                 /usr/lib/gcc/avr/4.5.3/avr5/libgcc.a(_copy_data.o)
__data_start                                      /usr/lib/gcc/avr/4.5.3/avr5/libgcc.a(_copy_data.o)
__divmodhi4                                       /usr/lib/gcc/avr/4.5.3/avr5/libgcc.a(_divmodhi4.o)
                                                  lcd_lib.o
__do_clear_bss                                    /usr/lib/gcc/avr/4.5.3/avr5/libgcc.a(_clear_bss.o)
                                                  main.o
__do_copy_data                                    /usr/lib/gcc/avr/4.5.3/avr5/libgcc.a(_copy_data.o)
                                                  main.o
__eerd_byte_m32                                   /usr/lib/gcc/avr/4.5.3/../../../avr/lib/avr5/libc.a(eerd_byte_atmega32.o)
                                                  main.o
__eeupd_byte_m32                                  /usr/lib/gcc/avr/4.5.3/../../../avr/lib/avr5/libc.a(eeupd_byte_atmega32.o)
                                                  main.o
__eeupd_r18_m32                                   /usr/lib/gcc/avr/4.5.3/../../../avr/lib/avr5/libc.a(eeupd_byte_atmega32.o)
__eewr_byte_m32                                   /usr/lib/gcc/avr/4.5.3/../../../avr/lib/avr5/libc.a(eewr_byte_atmega32.o)
                                                  main.o
__eewr_r18_m32                                    /usr/lib/gcc/avr/4.5.3/../../../avr/lib/avr5/libc.a(eewr_byte_atmega32.o)
__epilogue_restores__                             /usr/lib/gcc/avr/4.5.3/avr5/libgcc.a(_epilogue.o)
                                                  /usr/lib/gcc/avr/4.5.3/../../../avr/lib/avr5/libc.a(vfprintf_std.o)
                                                  /usr/lib/gcc/avr/4.5.3/../../../avr/lib/avr5/libc.a(snprintf.o)
__heap_end                                        /usr/lib/gcc/avr/4.5.3/../../../avr/lib/avr5/crtm32.o
__init                                            /usr/lib/gcc/avr/4.5.3/../../../avr/lib/avr5/crtm32.o
__prologue_saves__                                /usr/lib/gcc/avr/4.5.3/avr5/libgcc.a(_prologue.o)
                                                  /usr/lib/gcc/avr/4.5.3/../../../avr/lib/avr5/libc.a(vfprintf_std.o)
                                                  /usr/lib/gcc/avr/4.5.3/../../../avr/lib/avr5/libc.a(snprintf.o)
__stack                                           /usr/lib/gcc/avr/4.5.3/../../../avr/lib/avr5/crtm32.o
__udivmodhi4                                      /usr/lib/gcc/avr/4.5.3/avr5/libgcc.a(_udivmodhi4.o)
                                                  /usr/lib/gcc/avr/4.5.3/avr5/libgcc.a(_divmodhi4.o)
                                                  lcd_lib.o
                                                  main.o
__ultoa_invert                                    /usr/lib/gcc/avr/4.5.3/../../../avr/lib/avr5/libc.a(ultoa_invert.o)
                                                  /usr/lib/gcc/avr/4.5.3/../../../avr/lib/avr5/libc.a(vfprintf_std.o)
__vector_1                                        /usr/lib/gcc/avr/4.5.3/../../../avr/lib/avr5/crtm32.o
__vector_10                                       /usr/lib/gcc/avr/4.5.3/../../../avr/lib/avr5/crtm32.o
__vector_11                                       /usr/lib/gcc/avr/4.5.3/../../../avr/lib/avr5/crtm32.o
__vector_12                                       /usr/lib/gcc/avr/4.5.3/../../../avr/lib/avr5/crtm32.o
__vector_13                                       /usr/lib/gcc/avr/4.5.3/../../../avr/lib/avr5/crtm32.o
__vector_14                                       /usr/lib/gcc/avr/4.5.3/../../../avr/lib/avr5/crtm32.o
__vector_15                                       /usr/lib/gcc/avr/4.5.3/../../../avr/lib/avr5/crtm32.o
__vector_16                                       /usr/lib/gcc/avr/4.5.3/../../../avr/lib/avr5/crtm32.o
__vector_17                                       /usr/lib/gcc/avr/4.5.3/../../../avr/lib/avr5/crtm32.o
__vector_18                                       /usr/lib/gcc/avr/4.5.3/../../../avr/lib/avr5/crtm32.o
__vector_19                                       /usr/lib/gcc/avr/4.5.3/../../../avr/lib/avr5/crtm32.o
__vector_2                                        /usr/lib/gcc/avr/4.5.3/../../../avr/lib/avr5/crtm32.o
__vector_20                                       /usr/lib/gcc/avr/4.5.3/../../../avr/lib/avr5/crtm32.o
__vector_3                                        /usr/lib/gcc/avr/4.5.3/../../../avr/lib/avr5/crtm32.o
__vector_4                                        /usr/lib/gcc/avr/4.5.3/../../../avr/lib/avr5/crtm32.o
__vector_5                                        /usr/lib/gcc/avr/4.5.3/../../../avr/lib/avr5/crtm32.o
__vector_6                                        /usr/lib/gcc/avr/4.5.3/../../../avr/lib/avr5/crtm32.o
__vector_7                                        /usr/lib/gcc/avr/4.5.3/../../../avr/lib/avr5/crtm32.o
__vector_8                                        /usr/lib/gcc/avr/4.5.3/../../../avr/lib/avr5/crtm32.o
__vector_9                                        /usr/lib/gcc/avr/4.5.3/../../../avr/lib/avr5/crtm32.o
__vector_default                                  /usr/lib/gcc/avr/4.5.3/../../../avr/lib/avr5/crtm32.o
__vectors                                         /usr/lib/gcc/avr/4.5.3/../../../avr/lib/avr5/crtm32.o
_div                                              /usr/lib/gcc/avr/4.5.3/avr5/libgcc.a(_divmodhi4.o)
_exit                                             /usr/lib/gcc/avr/4.5.3/avr5/libgcc.a(_exit.o)
adc_baca                                          main.o
cetak_bil                                         main.o
cetak_bil_lgsg                                    main.o
counter                                           main.o
countermax                                        main.o
exit                                              /usr/lib/gcc/avr/4.5.3/avr5/libgcc.a(_exit.o)
                                                  /usr/lib/gcc/avr/4.5.3/../../../avr/lib/avr5/crtm32.o
fputc                                             /usr/lib/gcc/avr/4.5.3/../../../avr/lib/avr5/libc.a(fputc.o)
                                                  /usr/lib/gcc/avr/4.5.3/../../../avr/lib/avr5/libc.a(vfprintf_std.o)
gCaseH                                            main.o
gCaseL                                            main.o
gCaseN                                            main.o
gCaseV                                            main.o
gDriveDir                                         main.o
gDriveError                                       main.o
gDriveKD                                          main.o
gDriveKP                                          main.o
gDriveLastError                                   main.o
gDriveLimit                                       main.o
gDriveSpeed                                       main.o
gDriveSpeedLeft                                   main.o
gDriveSpeedRight                                  main.o
gMazeMapNum                                       main.o
gMazeMapTot                                       main.o
gScrollMax                                        main.o
gScrollNum                                        main.o
gSensA                                            main.o
gSensAnalog                                       main.o
gSensH                                            main.o
gSensL                                            main.o
gSensRef                                          main.o
gState                                            main.o
initadc                                           main.o
initpwm                                           main.o
isclear                                           main.o
isset                                             main.o
lcdhapus                                          main.o
main                                              main.o
                                                  /usr/lib/gcc/avr/4.5.3/../../../avr/lib/avr5/crtm32.o
snprintf                                          /usr/lib/gcc/avr/4.5.3/../../../avr/lib/avr5/libc.a(snprintf.o)
                                                  main.o
strnlen                                           /usr/lib/gcc/avr/4.5.3/../../../avr/lib/avr5/libc.a(strnlen.o)
                                                  /usr/lib/gcc/avr/4.5.3/../../../avr/lib/avr5/libc.a(vfprintf_std.o)
strnlen_P                                         /usr/lib/gcc/avr/4.5.3/../../../avr/lib/avr5/libc.a(strnlen_P.o)
                                                  /usr/lib/gcc/avr/4.5.3/../../../avr/lib/avr5/libc.a(vfprintf_std.o)
vfprintf                                          /usr/lib/gcc/avr/4.5.3/../../../avr/lib/avr5/libc.a(vfprintf_std.o)
                                                  /usr/lib/gcc/avr/4.5.3/../../../avr/lib/avr5/libc.a(snprintf.o)
